// Jest Snapshot v1, https://goo.gl/fbAQLP

exports[`WelcomePage should match the existing snapshot 1`] = `
<div
  className="background"
>
  <img
    className="react_logo"
    src="test-file-stub"
  />
  <div
    className="text"
  >
    <span
      className="title"
    >
      The React Boilerplate
    </span>
    <span
      className="subtitle"
    >
      Congratulations!
    </span>
    <span
      className="subtitle"
    >
      Looks like everything is up and running.
    </span>
  </div>
  <div
    className="time"
  >
    <span
      className="subtitle"
      onClick={[Function]}
    >
      08:51:48
    </span>
  </div>
</div>
`;
